<html>
<body>
<pre>
<h1>µVision Build Log</h1>
<h2>Project:</h2>
D:\STUDIA\Podstawy programowania systemow wbudowanych\GIT\program_obowiazkowy\Lancuchy_znakowe-konwersje\Lancuchy_znakowe-konwersje.uvproj
Project File Date:  04/02/2019

<h2>Output:</h2>
Rebuild target 'Target 1'
assembling Startup.s...
compiling main.c...
linking...
Program Size: Code=1120 RO-data=16 RW-data=0 ZI-data=1256  
FromELF: creating hex file...
".\Lancuchy_znakowe-konwersje.axf" - 0 Errors, 0 Warning(s).
Rebuild target 'Target 1'
assembling Startup.s...
compiling main.c...
linking...
Program Size: Code=1120 RO-data=16 RW-data=0 ZI-data=1256  
FromELF: creating hex file...
".\Lancuchy_znakowe-konwersje.axf" - 0 Errors, 0 Warning(s).
Rebuild target 'Target 1'
assembling Startup.s...
compiling main.c...
linking...
Program Size: Code=1120 RO-data=16 RW-data=0 ZI-data=1256  
FromELF: creating hex file...
".\Lancuchy_znakowe-konwersje.axf" - 0 Errors, 0 Warning(s).
Rebuild target 'Target 1'
assembling Startup.s...
compiling main.c...
linking...
Program Size: Code=1120 RO-data=16 RW-data=0 ZI-data=1256  
FromELF: creating hex file...
".\Lancuchy_znakowe-konwersje.axf" - 0 Errors, 0 Warning(s).
Rebuild target 'Target 1'
assembling Startup.s...
compiling main.c...
linking...
Program Size: Code=1168 RO-data=32 RW-data=4 ZI-data=1260  
FromELF: creating hex file...
".\Lancuchy_znakowe-konwersje.axf" - 0 Errors, 0 Warning(s).
Rebuild target 'Target 1'
assembling Startup.s...
compiling main.c...
linking...
Program Size: Code=1184 RO-data=32 RW-data=8 ZI-data=1256  
FromELF: creating hex file...
".\Lancuchy_znakowe-konwersje.axf" - 0 Errors, 0 Warning(s).
Rebuild target 'Target 1'
assembling Startup.s...
compiling main.c...
linking...
Program Size: Code=1180 RO-data=32 RW-data=8 ZI-data=1256  
FromELF: creating hex file...
".\Lancuchy_znakowe-konwersje.axf" - 0 Errors, 0 Warning(s).
Rebuild target 'Target 1'
assembling Startup.s...
compiling main.c...
linking...
Program Size: Code=1184 RO-data=32 RW-data=8 ZI-data=1256  
FromELF: creating hex file...
".\Lancuchy_znakowe-konwersje.axf" - 0 Errors, 0 Warning(s).
Rebuild target 'Target 1'
assembling Startup.s...
compiling main.c...
linking...
Program Size: Code=1180 RO-data=32 RW-data=8 ZI-data=1256  
FromELF: creating hex file...
".\Lancuchy_znakowe-konwersje.axf" - 0 Errors, 0 Warning(s).
Rebuild target 'Target 1'
assembling Startup.s...
compiling main.c...
linking...
Program Size: Code=1180 RO-data=32 RW-data=8 ZI-data=1256  
FromELF: creating hex file...
".\Lancuchy_znakowe-konwersje.axf" - 0 Errors, 0 Warning(s).
Rebuild target 'Target 1'
assembling Startup.s...
compiling main.c...
linking...
Program Size: Code=1180 RO-data=32 RW-data=8 ZI-data=1256  
FromELF: creating hex file...
".\Lancuchy_znakowe-konwersje.axf" - 0 Errors, 0 Warning(s).
