<html>
<body>
<pre>
<h1>µVision Build Log</h1>
<h2>Project:</h2>
D:\STUDIA\Podstawy programowania systemow wbudowanych\GIT\program_obowiazkowy\Dekodowanie_komunikatow\dekodowanie_komunikatow.uvproj
Project File Date:  04/02/2019

<h2>Output:</h2>
Rebuild target 'Target 1'
assembling Startup.s...
compiling dekodowanie_komunikatow.c...
linking...
Program Size: Code=1360 RO-data=32 RW-data=40 ZI-data=1280  
".\dekodowanie_komunikatow.axf" - 0 Errors, 0 Warning(s).
Rebuild target 'Target 1'
assembling Startup.s...
compiling dekodowanie_komunikatow.c...
linking...
Program Size: Code=1380 RO-data=32 RW-data=60 ZI-data=1284  
".\dekodowanie_komunikatow.axf" - 0 Errors, 0 Warning(s).
Rebuild target 'Target 1'
assembling Startup.s...
compiling dekodowanie_komunikatow.c...
linking...
Program Size: Code=1380 RO-data=32 RW-data=60 ZI-data=1284  
".\dekodowanie_komunikatow.axf" - 0 Errors, 0 Warning(s).
Rebuild target 'Target 1'
assembling Startup.s...
compiling dekodowanie_komunikatow.c...
linking...
Program Size: Code=1380 RO-data=32 RW-data=60 ZI-data=1284  
".\dekodowanie_komunikatow.axf" - 0 Errors, 0 Warning(s).
