<html>
<body>
<pre>
<h1>µVision Build Log</h1>
<h2>Project:</h2>
D:\STUDIA\Podstawy programowania systemow wbudowanych\GIT\program_obowiazkowy\Lancuchy_znakowe-operacje_proste\lancuchy_operacje_proste.uvproj
Project File Date:  04/02/2019

<h2>Output:</h2>
Rebuild target 'Target 1'
assembling Startup.s...
compiling main.c...
linking...
Program Size: Code=992 RO-data=32 RW-data=12 ZI-data=1260  
FromELF: creating hex file...
".\lancuchy_operacje_proste.axf" - 0 Errors, 0 Warning(s).
Rebuild target 'Target 1'
assembling Startup.s...
compiling main.c...
linking...
Program Size: Code=992 RO-data=32 RW-data=16 ZI-data=1256  
FromELF: creating hex file...
".\lancuchy_operacje_proste.axf" - 0 Errors, 0 Warning(s).
Rebuild target 'Target 1'
assembling Startup.s...
compiling main.c...
linking...
Program Size: Code=992 RO-data=32 RW-data=12 ZI-data=1260  
FromELF: creating hex file...
".\lancuchy_operacje_proste.axf" - 0 Errors, 0 Warning(s).
Rebuild target 'Target 1'
assembling Startup.s...
compiling main.c...
linking...
Program Size: Code=992 RO-data=32 RW-data=8 ZI-data=1256  
FromELF: creating hex file...
".\lancuchy_operacje_proste.axf" - 0 Errors, 0 Warning(s).
